[JavaClass java.lang.System]
42
961
hello Runnable
33
I'm object
java.security.AccessControlException: access denied ("java.lang.RuntimePermission" "accessClassInPackage.jdk.internal")
java.security.AccessControlException: access denied ("java.lang.RuntimePermission" "accessClassInPackage.jdk.internal.misc")
java.security.AccessControlException: access denied ("java.lang.RuntimePermission" "accessClassInPackage.com.anatawa12.fixrtm.nashorn.internal")
java.lang.ClassNotFoundException: com.anatawa12.fixrtm.nashorn.api.scripting.JSObject
